// Jest Snapshot v1, https://goo.gl/fbAQLP

exports[`Pruebas en DashboardRoutes.js Debe mostarse correctamente  1`] = `
Array [
  <nav
    className="navbar"
  >
    <a
      className="brand"
      href="/"
      onClick={[Function]}
    >
      Asociaciones
    </a>
    <div
      className="links"
    >
      <a
        aria-current="page"
        className="link active"
        href="/marvel"
        onClick={[Function]}
        style={Object {}}
      >
        Marvel
      </a>
      <a
        aria-current={null}
        className="link"
        href="/dc"
        onClick={[Function]}
      >
        DC
      </a>
      <a
        aria-current={null}
        className="link"
        href="/search"
        onClick={[Function]}
      >
        Search
      </a>
    </div>
    <div>
      <span>
        Samuel
      </span>
      <button
        onClick={[Function]}
      >
        Logout
      </button>
    </div>
  </nav>,
  <div
    className="super-div"
  >
    <div>
      <h1>
        Marvel Screen
      </h1>
      <div
        className="container-flex animate__animated animate__fadeIn"
      >
        <div
          className="main-container-flex"
        >
          <div
            className="img"
          >
            <img
              alt="Spider Man"
              className="picture"
              src="./assets/heroes/marvel-spider.jpg"
            />
          </div>
          <div
            className="text"
          >
            <h3>
              Spider Man
            </h3>
            <p>
              Peter Parker
            </p>
            <a
              href="/hero/marvel-spider"
              onClick={[Function]}
            >
              More...
            </a>
          </div>
        </div>
        <div
          className="main-container-flex"
        >
          <div
            className="img"
          >
            <img
              alt="Captain America"
              className="picture"
              src="./assets/heroes/marvel-captain.jpg"
            />
          </div>
          <div
            className="text"
          >
            <h3>
              Captain America
            </h3>
            <p>
              Steve Rogers
            </p>
            <a
              href="/hero/marvel-captain"
              onClick={[Function]}
            >
              More...
            </a>
          </div>
        </div>
        <div
          className="main-container-flex"
        >
          <div
            className="img"
          >
            <img
              alt="Iron Man"
              className="picture"
              src="./assets/heroes/marvel-iron.jpg"
            />
          </div>
          <div
            className="text"
          >
            <h3>
              Iron Man
            </h3>
            <p>
              Tony Stark
            </p>
            <a
              href="/hero/marvel-iron"
              onClick={[Function]}
            >
              More...
            </a>
          </div>
        </div>
        <div
          className="main-container-flex"
        >
          <div
            className="img"
          >
            <img
              alt="Thor"
              className="picture"
              src="./assets/heroes/marvel-thor.jpg"
            />
          </div>
          <div
            className="text"
          >
            <h3>
              Thor
            </h3>
            <p>
              Thor Odinson
            </p>
            <a
              href="/hero/marvel-thor"
              onClick={[Function]}
            >
              More...
            </a>
          </div>
        </div>
        <div
          className="main-container-flex"
        >
          <div
            className="img"
          >
            <img
              alt="Hulk"
              className="picture"
              src="./assets/heroes/marvel-hulk.jpg"
            />
          </div>
          <div
            className="text"
          >
            <h3>
              Hulk
            </h3>
            <p>
              Bruce Banner
            </p>
            <a
              href="/hero/marvel-hulk"
              onClick={[Function]}
            >
              More...
            </a>
          </div>
        </div>
        <div
          className="main-container-flex"
        >
          <div
            className="img"
          >
            <img
              alt="Wolverine"
              className="picture"
              src="./assets/heroes/marvel-wolverine.jpg"
            />
          </div>
          <div
            className="text"
          >
            <h3>
              Wolverine
            </h3>
            <p>
              James Howlett
            </p>
            <a
              href="/hero/marvel-wolverine"
              onClick={[Function]}
            >
              More...
            </a>
          </div>
        </div>
        <div
          className="main-container-flex"
        >
          <div
            className="img"
          >
            <img
              alt="Daredevil"
              className="picture"
              src="./assets/heroes/marvel-daredevil.jpg"
            />
          </div>
          <div
            className="text"
          >
            <h3>
              Daredevil
            </h3>
            <p>
              Matthew Michael Murdock
            </p>
            <a
              href="/hero/marvel-daredevil"
              onClick={[Function]}
            >
              More...
            </a>
          </div>
        </div>
        <div
          className="main-container-flex"
        >
          <div
            className="img"
          >
            <img
              alt="Hawkeye"
              className="picture"
              src="./assets/heroes/marvel-hawkeye.jpg"
            />
          </div>
          <div
            className="text"
          >
            <h3>
              Hawkeye
            </h3>
            <p>
              Clinton Francis Barton
            </p>
            <a
              href="/hero/marvel-hawkeye"
              onClick={[Function]}
            >
              More...
            </a>
          </div>
        </div>
        <div
          className="main-container-flex"
        >
          <div
            className="img"
          >
            <img
              alt="Cyclops"
              className="picture"
              src="./assets/heroes/marvel-cyclops.jpg"
            />
          </div>
          <div
            className="text"
          >
            <h3>
              Cyclops
            </h3>
            <p>
              Scott Summers
            </p>
            <a
              href="/hero/marvel-cyclops"
              onClick={[Function]}
            >
              More...
            </a>
          </div>
        </div>
        <div
          className="main-container-flex"
        >
          <div
            className="img"
          >
            <img
              alt="Silver Surfer"
              className="picture"
              src="./assets/heroes/marvel-silver.jpg"
            />
          </div>
          <div
            className="text"
          >
            <h3>
              Silver Surfer
            </h3>
            <p>
              Norrin Radd
            </p>
            <a
              href="/hero/marvel-silver"
              onClick={[Function]}
            >
              More...
            </a>
          </div>
        </div>
      </div>
    </div>
  </div>,
]
`;
